// Jest Snapshot v1, https://goo.gl/fbAQLP

exports[`LogDashboard snapshot tests matches snapshot with default state 1`] = `
<div>
  <div
    class="p-6 max-w-6xl mx-auto"
  >
    <div
      class="mb-8"
    >
      <div
        class="flex justify-between items-center mb-4"
      >
        <h1
          class="text-2xl font-bold"
        >
          Game Logs Dashboard
        </h1>
        <div
          class="flex gap-2"
        >
          <button
            class="flex items-center gap-2 px-4 py-2 bg-blue-500 text-white rounded hover:bg-blue-600"
          >
            Refresh
          </button>
          <button
            class="flex items-center gap-2 px-4 py-2 bg-red-500 text-white rounded hover:bg-red-600"
          >
            Clear Logs
          </button>
        </div>
      </div>
      <div
        class="grid grid-cols-4 gap-4"
      >
        <div
          class="bg-white p-4 rounded-lg shadow"
        >
          <div
            class="text-gray-500 mb-1"
          >
            Total Logs
          </div>
          <div
            class="text-2xl font-bold"
          >
            0
          </div>
        </div>
        <div
          class="bg-white p-4 rounded-lg shadow"
        >
          <div
            class="text-gray-500 mb-1"
          >
            Errors
          </div>
          <div
            class="text-2xl font-bold text-red-500"
          >
            0
          </div>
        </div>
        <div
          class="bg-white p-4 rounded-lg shadow"
        >
          <div
            class="text-gray-500 mb-1"
          >
            Warnings
          </div>
          <div
            class="text-2xl font-bold text-yellow-500"
          >
            0
          </div>
        </div>
        <div
          class="bg-white p-4 rounded-lg shadow"
        >
          <div
            class="text-gray-500 mb-1"
          >
            Info
          </div>
          <div
            class="text-2xl font-bold text-blue-500"
          >
            0
          </div>
        </div>
      </div>
      <div
        class="mt-8 grid grid-cols-1 lg:grid-cols-2 gap-4"
      />
    </div>
    <div
      class="space-y-4"
    >
      <div
        class="text-center py-8 text-gray-500"
      >
        No logs to display
      </div>
    </div>
  </div>
</div>
`;
